Job ID      : 2893265
Node        : i24
PyTorch: 2.5.1+cu121 | CUDA: True | device: Tesla V100-PCIE-32GB
[Device] cuda
[Config] dynamics=linearized  maml_order=2
[Config] epochs=100  n_inner_steps=5
[Config] lr_outer=0.001  lr_inner=0.05
[Config] hover thrust (baseline) ≈ 36126
[Config] n_steps_per_rollout=200 (2.0s @ 100Hz)
[Tasks]  3 training motors [1, 2, 3], target = motor #0  σ=1.00cm  m=10g
[x0]    n_train=256  n_eval=128  cube ±0.3m (hover)
[Policy] hover thrust (M_total=37.0g) ≈ 49506  (baseline was 36126)
  [ep    1/100] meta=5.6311e+02  inner_pre=7.3324e+02  outer=5.6311e+02
  [ep    2/100] meta=6.3953e+02  inner_pre=7.1941e+02  outer=6.3953e+02
  [ep    3/100] meta=5.4106e+02  inner_pre=5.9721e+02  outer=5.4106e+02
  [ep    4/100] meta=6.1056e+02  inner_pre=7.0970e+02  outer=6.1056e+02
  [ep    5/100] meta=6.7604e+02  inner_pre=7.5227e+02  outer=6.7604e+02
  [ep    6/100] meta=6.5413e+02  inner_pre=7.0429e+02  outer=6.5413e+02
  [ep    7/100] meta=7.4983e+02  inner_pre=7.7393e+02  outer=7.4983e+02
  [ep    8/100] meta=6.7917e+02  inner_pre=7.6281e+02  outer=6.7917e+02
  [ep    9/100] meta=5.7925e+02  inner_pre=6.4963e+02  outer=5.7925e+02
  [ep   10/100] meta=7.8174e+02  inner_pre=8.8811e+02  outer=7.8174e+02
  [ep   11/100] meta=9.3099e+02  inner_pre=1.1942e+03  outer=9.3099e+02
  [ep   12/100] meta=5.2069e+02  inner_pre=6.6406e+02  outer=5.2069e+02
  [ep   13/100] meta=6.3742e+02  inner_pre=7.4874e+02  outer=6.3742e+02
  [ep   14/100] meta=5.2868e+02  inner_pre=6.3013e+02  outer=5.2868e+02
  [ep   15/100] meta=7.4832e+02  inner_pre=8.2395e+02  outer=7.4832e+02
  [ep   16/100] meta=4.7951e+02  inner_pre=6.9391e+02  outer=4.7951e+02
  [ep   17/100] meta=7.3151e+02  inner_pre=8.3695e+02  outer=7.3151e+02
  [ep   18/100] meta=5.9579e+02  inner_pre=6.7457e+02  outer=5.9579e+02
  [ep   19/100] meta=1.5108e+03  inner_pre=1.7458e+03  outer=1.5108e+03
  [ep   20/100] meta=1.0994e+03  inner_pre=1.3388e+03  outer=1.0994e+03
  [ep   21/100] meta=8.0459e+02  inner_pre=9.0118e+02  outer=8.0459e+02
  [ep   22/100] meta=1.1210e+03  inner_pre=1.2820e+03  outer=1.1210e+03
  [ep   23/100] meta=1.3550e+03  inner_pre=1.5456e+03  outer=1.3550e+03
  [ep   24/100] meta=4.2648e+02  inner_pre=4.3874e+02  outer=4.2648e+02
  [ep   25/100] meta=7.2804e+02  inner_pre=7.6798e+02  outer=7.2804e+02
  [ep   26/100] meta=2.0193e+03  inner_pre=2.2727e+03  outer=2.0193e+03
  [ep   27/100] meta=5.4321e+02  inner_pre=5.7654e+02  outer=5.4321e+02
  [ep   28/100] meta=9.4180e+02  inner_pre=1.1175e+03  outer=9.4180e+02
  [ep   29/100] meta=6.5059e+02  inner_pre=6.9348e+02  outer=6.5059e+02
  [ep   30/100] meta=6.6116e+02  inner_pre=7.1857e+02  outer=6.6116e+02
  [ep   31/100] meta=7.3164e+02  inner_pre=7.7832e+02  outer=7.3164e+02
  [ep   32/100] meta=1.3556e+03  inner_pre=1.5310e+03  outer=1.3556e+03
  [ep   33/100] meta=7.0218e+02  inner_pre=8.1639e+02  outer=7.0218e+02
  [ep   34/100] meta=8.1384e+02  inner_pre=1.0813e+03  outer=8.1384e+02
  [ep   35/100] meta=1.5268e+03  inner_pre=1.7136e+03  outer=1.5268e+03
  [ep   36/100] meta=1.0297e+03  inner_pre=1.2351e+03  outer=1.0297e+03
  [ep   37/100] meta=5.3622e+02  inner_pre=6.4490e+02  outer=5.3622e+02
  [ep   38/100] meta=1.1971e+03  inner_pre=1.5016e+03  outer=1.1971e+03
  [ep   39/100] meta=1.1717e+03  inner_pre=1.3305e+03  outer=1.1717e+03
  [ep   40/100] meta=1.8477e+03  inner_pre=2.0508e+03  outer=1.8477e+03
  [ep   41/100] meta=3.9553e+03  inner_pre=4.6175e+03  outer=3.9553e+03
  [ep   42/100] meta=1.0756e+03  inner_pre=1.3229e+03  outer=1.0756e+03
  [ep   43/100] meta=9.5267e+02  inner_pre=1.1954e+03  outer=9.5267e+02
  [ep   44/100] meta=6.3518e+02  inner_pre=7.8690e+02  outer=6.3518e+02
  [ep   45/100] meta=5.8592e+02  inner_pre=6.9119e+02  outer=5.8592e+02
  [ep   46/100] meta=1.6721e+03  inner_pre=2.0373e+03  outer=1.6721e+03
  [ep   47/100] meta=6.0561e+02  inner_pre=6.6935e+02  outer=6.0561e+02
  [ep   48/100] meta=6.5173e+02  inner_pre=7.2377e+02  outer=6.5173e+02
  [ep   49/100] meta=7.1585e+02  inner_pre=2.6321e+03  outer=7.1585e+02
  [ep   50/100] meta=5.4568e+02  inner_pre=6.3835e+02  outer=5.4568e+02
  [ep   51/100] meta=1.7512e+03  inner_pre=2.0365e+03  outer=1.7512e+03
  [ep   52/100] meta=1.4670e+03  inner_pre=1.6706e+03  outer=1.4670e+03
  [ep   53/100] meta=4.3185e+02  inner_pre=5.9140e+02  outer=4.3185e+02
  [ep   54/100] meta=8.0169e+02  inner_pre=1.0472e+03  outer=8.0169e+02
  [ep   55/100] meta=7.2844e+02  inner_pre=1.0677e+03  outer=7.2844e+02
  [ep   56/100] meta=4.5228e+02  inner_pre=6.1150e+02  outer=4.5228e+02
  [ep   57/100] meta=5.1999e+02  inner_pre=6.4391e+02  outer=5.1999e+02
  [ep   58/100] meta=4.6217e+02  inner_pre=6.4787e+02  outer=4.6217e+02
  [ep   59/100] meta=1.7444e+03  inner_pre=1.9904e+03  outer=1.7444e+03
  [ep   60/100] meta=5.3832e+02  inner_pre=6.0361e+02  outer=5.3832e+02
  [ep   61/100] meta=6.9352e+02  inner_pre=9.6156e+02  outer=6.9352e+02
  [ep   62/100] meta=7.5380e+02  inner_pre=7.9655e+02  outer=7.5380e+02
  [ep   63/100] meta=2.0830e+03  inner_pre=2.5069e+03  outer=2.0830e+03
  [ep   64/100] meta=5.2589e+02  inner_pre=6.8349e+02  outer=5.2589e+02
  [ep   65/100] meta=6.3608e+02  inner_pre=7.2260e+02  outer=6.3608e+02
  [ep   66/100] meta=1.9356e+03  inner_pre=2.2356e+03  outer=1.9356e+03
  [ep   67/100] meta=5.4187e+02  inner_pre=6.3650e+02  outer=5.4187e+02
  [ep   68/100] meta=5.7715e+02  inner_pre=6.7854e+02  outer=5.7715e+02
  [ep   69/100] meta=8.1883e+02  inner_pre=2.6646e+03  outer=8.1883e+02
  [ep   70/100] meta=1.2307e+03  inner_pre=1.4115e+03  outer=1.2307e+03
  [ep   71/100] meta=5.8339e+02  inner_pre=6.5202e+02  outer=5.8339e+02
  [ep   72/100] meta=4.9017e+02  inner_pre=6.9415e+02  outer=4.9017e+02
  [ep   73/100] meta=1.1894e+03  inner_pre=1.3659e+03  outer=1.1894e+03
  [ep   74/100] meta=6.7876e+02  inner_pre=7.6611e+02  outer=6.7876e+02
  [ep   75/100] meta=7.1586e+02  inner_pre=8.2104e+02  outer=7.1586e+02
  [ep   76/100] meta=1.0491e+03  inner_pre=3.2781e+03  outer=1.0491e+03
  [ep   77/100] meta=5.3853e+02  inner_pre=6.9809e+02  outer=5.3853e+02
  [ep   78/100] meta=1.7190e+03  inner_pre=2.1426e+03  outer=1.7190e+03
  [ep   79/100] meta=6.0972e+02  inner_pre=7.2096e+02  outer=6.0972e+02
  [ep   80/100] meta=2.0318e+03  inner_pre=2.4759e+03  outer=2.0318e+03
  [ep   81/100] meta=5.8091e+02  inner_pre=6.8135e+02  outer=5.8091e+02
  [ep   82/100] meta=7.2083e+02  inner_pre=7.6696e+02  outer=7.2083e+02
  [ep   83/100] meta=5.0675e+02  inner_pre=6.7775e+02  outer=5.0675e+02
  [ep   84/100] meta=6.4938e+02  inner_pre=8.9357e+02  outer=6.4938e+02
  [ep   85/100] meta=2.2179e+03  inner_pre=2.6339e+03  outer=2.2179e+03
  [ep   86/100] meta=7.3565e+02  inner_pre=8.2318e+02  outer=7.3565e+02
  [ep   87/100] meta=1.3968e+03  inner_pre=1.6498e+03  outer=1.3968e+03
  [ep   88/100] meta=6.3258e+02  inner_pre=8.3325e+02  outer=6.3258e+02
  [ep   89/100] meta=5.1402e+02  inner_pre=6.3108e+02  outer=5.1402e+02
  [ep   90/100] meta=1.1252e+03  inner_pre=1.3744e+03  outer=1.1252e+03
  [ep   91/100] meta=6.1531e+02  inner_pre=7.1618e+02  outer=6.1531e+02
  [ep   92/100] meta=6.6631e+02  inner_pre=7.3085e+02  outer=6.6631e+02
  [ep   93/100] meta=4.0928e+02  inner_pre=5.9492e+02  outer=4.0928e+02
  [ep   94/100] meta=6.2756e+02  inner_pre=7.0318e+02  outer=6.2756e+02
  [ep   95/100] meta=5.9019e+02  inner_pre=6.5054e+02  outer=5.9019e+02
  [ep   96/100] meta=6.3773e+02  inner_pre=7.0313e+02  outer=6.3773e+02
  [ep   97/100] meta=3.4995e+02  inner_pre=6.4009e+02  outer=3.4995e+02
  [ep   98/100] meta=1.7923e+03  inner_pre=2.1214e+03  outer=1.7923e+03
  [ep   99/100] meta=2.2850e+03  inner_pre=2.6929e+03  outer=2.2850e+03
  [ep  100/100] meta=6.8507e+02  inner_pre=7.1668e+02  outer=6.8507e+02
[Saved] /home/rigaud/Semester_Project_Drone_MAML/training_MAML/maml_linearized_h64_o2_tm0_izar_v2_ep100.pt
[Saved] /home/rigaud/Semester_Project_Drone_MAML/training_MAML/maml_linearized_h64_o2_tm0_izar_v2_ep100_map.png
Done.
