Job ID      : 2894147
Node        : i02
PyTorch: 2.5.1+cu121 | CUDA: True | device: Tesla V100-PCIE-32GB
[Device] cuda
[Config] dynamics=linearized  maml_order=1
[Config] epochs=100  n_inner_steps=5
[Config] lr_outer=0.0003  lr_inner=0.05
[Config] hover thrust (baseline) ≈ 36126
[Config] n_steps_per_rollout=200 (2.0s @ 100Hz)
[Tasks]  3 training motors [1, 2, 3], target = motor #0  σ=1.00cm  m=10g
[x0]    n_train=256  n_eval=128  cube ±0.3m (hover)
[Policy] hover thrust (M_total=37.0g) ≈ 49506  (baseline was 36126)
  [ep    1/100] meta=5.5632e+02  inner_pre=7.3337e+02  outer=5.5632e+02
  [ep    2/100] meta=6.3686e+02  inner_pre=7.2009e+02  outer=6.3686e+02
  [ep    3/100] meta=5.4130e+02  inner_pre=5.9708e+02  outer=5.4130e+02
  [ep    4/100] meta=6.1254e+02  inner_pre=7.0519e+02  outer=6.1254e+02
  [ep    5/100] meta=6.7987e+02  inner_pre=7.5675e+02  outer=6.7987e+02
  [ep    6/100] meta=6.5065e+02  inner_pre=7.0042e+02  outer=6.5065e+02
  [ep    7/100] meta=7.5501e+02  inner_pre=7.6948e+02  outer=7.5501e+02
  [ep    8/100] meta=6.8549e+02  inner_pre=7.6063e+02  outer=6.8549e+02
  [ep    9/100] meta=5.8261e+02  inner_pre=6.3588e+02  outer=5.8261e+02
  [ep   10/100] meta=7.8741e+02  inner_pre=9.0615e+02  outer=7.8741e+02
  [ep   11/100] meta=9.4682e+02  inner_pre=1.1653e+03  outer=9.4682e+02
  [ep   12/100] meta=5.0006e+02  inner_pre=6.3766e+02  outer=5.0006e+02
  [ep   13/100] meta=6.4641e+02  inner_pre=7.5432e+02  outer=6.4641e+02
  [ep   14/100] meta=5.2901e+02  inner_pre=6.3127e+02  outer=5.2901e+02
  [ep   15/100] meta=7.5081e+02  inner_pre=8.1509e+02  outer=7.5081e+02
  [ep   16/100] meta=4.6729e+02  inner_pre=6.8105e+02  outer=4.6729e+02
  [ep   17/100] meta=7.4580e+02  inner_pre=8.5741e+02  outer=7.4580e+02
  [ep   18/100] meta=5.9991e+02  inner_pre=6.7137e+02  outer=5.9991e+02
  [ep   19/100] meta=1.5359e+03  inner_pre=1.7672e+03  outer=1.5359e+03
  [ep   20/100] meta=1.1271e+03  inner_pre=1.3411e+03  outer=1.1271e+03
  [ep   21/100] meta=8.0004e+02  inner_pre=9.2894e+02  outer=8.0004e+02
  [ep   22/100] meta=1.1576e+03  inner_pre=1.2538e+03  outer=1.1576e+03
  [ep   23/100] meta=1.3562e+03  inner_pre=1.5346e+03  outer=1.3562e+03
  [ep   24/100] meta=4.3650e+02  inner_pre=4.3348e+02  outer=4.3650e+02
  [ep   25/100] meta=7.3491e+02  inner_pre=7.7138e+02  outer=7.3491e+02
  [ep   26/100] meta=2.0367e+03  inner_pre=2.2642e+03  outer=2.0367e+03
  [ep   27/100] meta=5.5936e+02  inner_pre=5.7580e+02  outer=5.5936e+02
  [ep   28/100] meta=9.7188e+02  inner_pre=1.0744e+03  outer=9.7188e+02
  [ep   29/100] meta=6.6364e+02  inner_pre=6.8705e+02  outer=6.6364e+02
  [ep   30/100] meta=6.6806e+02  inner_pre=7.2762e+02  outer=6.6806e+02
  [ep   31/100] meta=7.4055e+02  inner_pre=8.0809e+02  outer=7.4055e+02
  [ep   32/100] meta=1.3838e+03  inner_pre=1.5409e+03  outer=1.3838e+03
  [ep   33/100] meta=6.8354e+02  inner_pre=7.9189e+02  outer=6.8354e+02
  [ep   34/100] meta=8.3558e+02  inner_pre=1.0904e+03  outer=8.3558e+02
  [ep   35/100] meta=1.5558e+03  inner_pre=1.7386e+03  outer=1.5558e+03
  [ep   36/100] meta=1.0717e+03  inner_pre=1.2501e+03  outer=1.0717e+03
  [ep   37/100] meta=5.4006e+02  inner_pre=6.6847e+02  outer=5.4006e+02
  [ep   38/100] meta=1.2767e+03  inner_pre=1.5490e+03  outer=1.2767e+03
  [ep   39/100] meta=1.1957e+03  inner_pre=1.3221e+03  outer=1.1957e+03
  [ep   40/100] meta=1.8212e+03  inner_pre=1.9794e+03  outer=1.8212e+03
  [ep   41/100] meta=4.0957e+03  inner_pre=4.6139e+03  outer=4.0957e+03
  [ep   42/100] meta=1.1066e+03  inner_pre=1.3663e+03  outer=1.1066e+03
  [ep   43/100] meta=1.0073e+03  inner_pre=1.1966e+03  outer=1.0073e+03
  [ep   44/100] meta=6.3928e+02  inner_pre=7.8386e+02  outer=6.3928e+02
  [ep   45/100] meta=5.9735e+02  inner_pre=6.8458e+02  outer=5.9735e+02
  [ep   46/100] meta=1.7228e+03  inner_pre=2.0699e+03  outer=1.7228e+03
  [ep   47/100] meta=6.1170e+02  inner_pre=6.6970e+02  outer=6.1170e+02
  [ep   48/100] meta=6.7007e+02  inner_pre=7.0590e+02  outer=6.7007e+02
  [ep   49/100] meta=2.5727e+03  inner_pre=2.8378e+03  outer=2.5727e+03
  [ep   50/100] meta=5.5928e+02  inner_pre=6.3427e+02  outer=5.5928e+02
  [ep   51/100] meta=1.8257e+03  inner_pre=2.0214e+03  outer=1.8257e+03
  [ep   52/100] meta=1.4614e+03  inner_pre=1.6303e+03  outer=1.4614e+03
  [ep   53/100] meta=4.3975e+02  inner_pre=5.9039e+02  outer=4.3975e+02
  [ep   54/100] meta=8.1698e+02  inner_pre=1.0221e+03  outer=8.1698e+02
  [ep   55/100] meta=7.7295e+02  inner_pre=1.0873e+03  outer=7.7295e+02
  [ep   56/100] meta=4.6440e+02  inner_pre=6.3191e+02  outer=4.6440e+02
  [ep   57/100] meta=5.3799e+02  inner_pre=6.5997e+02  outer=5.3799e+02
  [ep   58/100] meta=4.3528e+02  inner_pre=5.4880e+02  outer=4.3528e+02
  [ep   59/100] meta=1.7993e+03  inner_pre=2.0316e+03  outer=1.7993e+03
  [ep   60/100] meta=5.5761e+02  inner_pre=6.1737e+02  outer=5.5761e+02
  [ep   61/100] meta=7.0270e+02  inner_pre=1.0431e+03  outer=7.0270e+02
  [ep   62/100] meta=7.5540e+02  inner_pre=7.9933e+02  outer=7.5540e+02
  [ep   63/100] meta=2.1574e+03  inner_pre=2.5234e+03  outer=2.1574e+03
  [ep   64/100] meta=5.3123e+02  inner_pre=7.3380e+02  outer=5.3123e+02
  [ep   65/100] meta=6.3793e+02  inner_pre=7.5234e+02  outer=6.3793e+02
  [ep   66/100] meta=1.9680e+03  inner_pre=2.2129e+03  outer=1.9680e+03
  [ep   67/100] meta=5.4670e+02  inner_pre=6.2036e+02  outer=5.4670e+02
  [ep   68/100] meta=5.8347e+02  inner_pre=6.7676e+02  outer=5.8347e+02
  [ep   69/100] meta=2.4869e+03  inner_pre=2.9808e+03  outer=2.4869e+03
  [ep   70/100] meta=1.2414e+03  inner_pre=1.4437e+03  outer=1.2414e+03
  [ep   71/100] meta=6.0271e+02  inner_pre=6.4559e+02  outer=6.0271e+02
  [ep   72/100] meta=5.2146e+02  inner_pre=7.1215e+02  outer=5.2146e+02
  [ep   73/100] meta=1.2314e+03  inner_pre=1.3313e+03  outer=1.2314e+03
  [ep   74/100] meta=6.8732e+02  inner_pre=7.7253e+02  outer=6.8732e+02
  [ep   75/100] meta=7.1244e+02  inner_pre=7.7056e+02  outer=7.1244e+02
  [ep   76/100] meta=3.0052e+03  inner_pre=3.3126e+03  outer=3.0052e+03
  [ep   77/100] meta=5.5314e+02  inner_pre=7.1369e+02  outer=5.5314e+02
  [ep   78/100] meta=1.7552e+03  inner_pre=2.1971e+03  outer=1.7552e+03
  [ep   79/100] meta=6.3193e+02  inner_pre=7.1953e+02  outer=6.3193e+02
  [ep   80/100] meta=2.1410e+03  inner_pre=2.5793e+03  outer=2.1410e+03
  [ep   81/100] meta=5.9704e+02  inner_pre=6.8980e+02  outer=5.9704e+02
  [ep   82/100] meta=7.2035e+02  inner_pre=7.6861e+02  outer=7.2035e+02
  [ep   83/100] meta=5.2670e+02  inner_pre=6.7126e+02  outer=5.2670e+02
  [ep   84/100] meta=6.8457e+02  inner_pre=9.3216e+02  outer=6.8457e+02
  [ep   85/100] meta=2.3344e+03  inner_pre=2.7497e+03  outer=2.3344e+03
  [ep   86/100] meta=7.5092e+02  inner_pre=8.9023e+02  outer=7.5092e+02
  [ep   87/100] meta=1.4518e+03  inner_pre=1.6562e+03  outer=1.4518e+03
  [ep   88/100] meta=6.6347e+02  inner_pre=8.2263e+02  outer=6.6347e+02
  [ep   89/100] meta=5.4926e+02  inner_pre=6.5760e+02  outer=5.4926e+02
  [ep   90/100] meta=1.1871e+03  inner_pre=1.4367e+03  outer=1.1871e+03
  [ep   91/100] meta=6.3304e+02  inner_pre=7.7900e+02  outer=6.3304e+02
  [ep   92/100] meta=6.7707e+02  inner_pre=7.5277e+02  outer=6.7707e+02
  [ep   93/100] meta=4.6711e+02  inner_pre=6.3685e+02  outer=4.6711e+02
  [ep   94/100] meta=6.3869e+02  inner_pre=7.3040e+02  outer=6.3869e+02
  [ep   95/100] meta=6.0522e+02  inner_pre=6.4749e+02  outer=6.0522e+02
  [ep   96/100] meta=6.5443e+02  inner_pre=7.3908e+02  outer=6.5443e+02
  [ep   97/100] meta=4.1749e+02  inner_pre=7.3077e+02  outer=4.1749e+02
  [ep   98/100] meta=1.8532e+03  inner_pre=2.1375e+03  outer=1.8532e+03
  [ep   99/100] meta=2.3224e+03  inner_pre=2.7064e+03  outer=2.3224e+03
  [ep  100/100] meta=6.9704e+02  inner_pre=7.2790e+02  outer=6.9704e+02
[Saved] /home/rigaud/Semester_Project_Drone_MAML/training_MAML/maml_linearized_h64_o1_tm0_izar_fomaml_ep100.pt
[Saved] /home/rigaud/Semester_Project_Drone_MAML/training_MAML/maml_linearized_h64_o1_tm0_izar_fomaml_ep100_map.png
Done.
